// Jest Snapshot v1, https://goo.gl/fbAQLP

exports[`CamCam render without crashing 1`] = `
<View
  style={
    Object {
      "flex": 1,
      "flexDirection": "row",
    }
  }
/>
`;
