// Jest Snapshot v1, https://goo.gl/fbAQLP

exports[`CardListV2 ListView renders without crashing 1`] = `
<View
  style={
    Object {
      "flex": 1,
    }
  }
>
  <RCTScrollView
    contentContainerStyle={
      Object {
        "alignItems": "flex-start",
        "display": "flex",
        "flexDirection": "column",
        "flexWrap": "wrap",
        "marginBottom": 10,
        "marginLeft": 20,
        "marginTop": 40,
        "padding": 20,
      }
    }
    dataSource={
      ListViewDataSource {
        "items": 6,
      }
    }
    renderRow={[Function]}
    renderScrollComponent={[Function]}
  >
    <View>
      <View
        accessibilityComponentType={undefined}
        accessibilityLabel={undefined}
        accessibilityTraits={undefined}
        accessible={true}
        hitSlop={undefined}
        isTVSelectable={true}
        onLayout={undefined}
        onResponderGrant={[Function]}
        onResponderMove={[Function]}
        onResponderRelease={[Function]}
        onResponderTerminate={[Function]}
        onResponderTerminationRequest={[Function]}
        onStartShouldSetResponder={[Function]}
        style={
          Object {
            "alignItems": "center",
            "backgroundColor": "white",
            "borderRadius": 8,
            "borderStyle": "solid",
            "borderWidth": 0,
            "flexDirection": "row",
            "justifyContent": "center",
            "margin": 3,
            "minWidth": "33.3333%",
            "opacity": 1,
          }
        }
        testID={undefined}
        tvParallaxProperties={undefined}
      >
        <Image
          source={
            Object {
              "uri": "http://www.clashapi.xyz/images/cards/arrows.png",
            }
          }
          style={
            Object {
              "height": 131.5,
              "width": 106,
            }
          }
        />
        <Text
          accessible={true}
          allowFontScaling={true}
          ellipsizeMode="tail"
          style={
            Object {
              "fontSize": 30,
              "padding": 10,
            }
          }
        >
          Arrows
        </Text>
      </View>
      <View
        accessibilityComponentType={undefined}
        accessibilityLabel={undefined}
        accessibilityTraits={undefined}
        accessible={true}
        hitSlop={undefined}
        isTVSelectable={true}
        onLayout={undefined}
        onResponderGrant={[Function]}
        onResponderMove={[Function]}
        onResponderRelease={[Function]}
        onResponderTerminate={[Function]}
        onResponderTerminationRequest={[Function]}
        onStartShouldSetResponder={[Function]}
        style={
          Object {
            "alignItems": "center",
            "backgroundColor": "white",
            "borderRadius": 8,
            "borderStyle": "solid",
            "borderWidth": 0,
            "flexDirection": "row",
            "justifyContent": "center",
            "margin": 3,
            "minWidth": "33.3333%",
            "opacity": 1,
          }
        }
        testID={undefined}
        tvParallaxProperties={undefined}
      >
        <Image
          source={
            Object {
              "uri": "http://www.clashapi.xyz/images/cards/bomber.png",
            }
          }
          style={
            Object {
              "height": 131.5,
              "width": 106,
            }
          }
        />
        <Text
          accessible={true}
          allowFontScaling={true}
          ellipsizeMode="tail"
          style={
            Object {
              "fontSize": 30,
              "padding": 10,
            }
          }
        >
          Bomber
        </Text>
      </View>
      <View
        accessibilityComponentType={undefined}
        accessibilityLabel={undefined}
        accessibilityTraits={undefined}
        accessible={true}
        hitSlop={undefined}
        isTVSelectable={true}
        onLayout={undefined}
        onResponderGrant={[Function]}
        onResponderMove={[Function]}
        onResponderRelease={[Function]}
        onResponderTerminate={[Function]}
        onResponderTerminationRequest={[Function]}
        onStartShouldSetResponder={[Function]}
        style={
          Object {
            "alignItems": "center",
            "backgroundColor": "white",
            "borderRadius": 8,
            "borderStyle": "solid",
            "borderWidth": 0,
            "flexDirection": "row",
            "justifyContent": "center",
            "margin": 3,
            "minWidth": "33.3333%",
            "opacity": 1,
          }
        }
        testID={undefined}
        tvParallaxProperties={undefined}
      >
        <Image
          source={
            Object {
              "uri": "http://www.clashapi.xyz/images/cards/archers.png",
            }
          }
          style={
            Object {
              "height": 131.5,
              "width": 106,
            }
          }
        />
        <Text
          accessible={true}
          allowFontScaling={true}
          ellipsizeMode="tail"
          style={
            Object {
              "fontSize": 30,
              "padding": 10,
            }
          }
        >
          Archers
        </Text>
      </View>
      <View
        accessibilityComponentType={undefined}
        accessibilityLabel={undefined}
        accessibilityTraits={undefined}
        accessible={true}
        hitSlop={undefined}
        isTVSelectable={true}
        onLayout={undefined}
        onResponderGrant={[Function]}
        onResponderMove={[Function]}
        onResponderRelease={[Function]}
        onResponderTerminate={[Function]}
        onResponderTerminationRequest={[Function]}
        onStartShouldSetResponder={[Function]}
        style={
          Object {
            "alignItems": "center",
            "backgroundColor": "white",
            "borderRadius": 8,
            "borderStyle": "solid",
            "borderWidth": 0,
            "flexDirection": "row",
            "justifyContent": "center",
            "margin": 3,
            "minWidth": "33.3333%",
            "opacity": 1,
          }
        }
        testID={undefined}
        tvParallaxProperties={undefined}
      >
        <Image
          source={
            Object {
              "uri": "http://www.clashapi.xyz/images/cards/knight.png",
            }
          }
          style={
            Object {
              "height": 131.5,
              "width": 106,
            }
          }
        />
        <Text
          accessible={true}
          allowFontScaling={true}
          ellipsizeMode="tail"
          style={
            Object {
              "fontSize": 30,
              "padding": 10,
            }
          }
        >
          Knight
        </Text>
      </View>
      <View
        accessibilityComponentType={undefined}
        accessibilityLabel={undefined}
        accessibilityTraits={undefined}
        accessible={true}
        hitSlop={undefined}
        isTVSelectable={true}
        onLayout={undefined}
        onResponderGrant={[Function]}
        onResponderMove={[Function]}
        onResponderRelease={[Function]}
        onResponderTerminate={[Function]}
        onResponderTerminationRequest={[Function]}
        onStartShouldSetResponder={[Function]}
        style={
          Object {
            "alignItems": "center",
            "backgroundColor": "white",
            "borderRadius": 8,
            "borderStyle": "solid",
            "borderWidth": 0,
            "flexDirection": "row",
            "justifyContent": "center",
            "margin": 3,
            "minWidth": "33.3333%",
            "opacity": 1,
          }
        }
        testID={undefined}
        tvParallaxProperties={undefined}
      >
        <Image
          source={
            Object {
              "uri": "http://www.clashapi.xyz/images/cards/fireball.png",
            }
          }
          style={
            Object {
              "height": 131.5,
              "width": 106,
            }
          }
        />
        <Text
          accessible={true}
          allowFontScaling={true}
          ellipsizeMode="tail"
          style={
            Object {
              "fontSize": 30,
              "padding": 10,
            }
          }
        >
          Fireball
        </Text>
      </View>
      <View
        accessibilityComponentType={undefined}
        accessibilityLabel={undefined}
        accessibilityTraits={undefined}
        accessible={true}
        hitSlop={undefined}
        isTVSelectable={true}
        onLayout={undefined}
        onResponderGrant={[Function]}
        onResponderMove={[Function]}
        onResponderRelease={[Function]}
        onResponderTerminate={[Function]}
        onResponderTerminationRequest={[Function]}
        onStartShouldSetResponder={[Function]}
        style={
          Object {
            "alignItems": "center",
            "backgroundColor": "white",
            "borderRadius": 8,
            "borderStyle": "solid",
            "borderWidth": 0,
            "flexDirection": "row",
            "justifyContent": "center",
            "margin": 3,
            "minWidth": "33.3333%",
            "opacity": 1,
          }
        }
        testID={undefined}
        tvParallaxProperties={undefined}
      >
        <Image
          source={
            Object {
              "uri": "http://www.clashapi.xyz/images/cards/mini-pekka.png",
            }
          }
          style={
            Object {
              "height": 131.5,
              "width": 106,
            }
          }
        />
        <Text
          accessible={true}
          allowFontScaling={true}
          ellipsizeMode="tail"
          style={
            Object {
              "fontSize": 30,
              "padding": 10,
            }
          }
        >
          Mini P.E.K.K.A.
        </Text>
      </View>
    </View>
  </RCTScrollView>
</View>
`;
